// Jest Snapshot v1, https://goo.gl/fbAQLP

exports[`Snapshots tests Create job 1`] = `"{\\"data\\":{\\"addJob\\":{\\"success\\":true,\\"jobId\\":1}}}"`;

exports[`Snapshots tests Create tradesperson 1`] = `"{\\"data\\":{\\"addTradesperson\\":{\\"success\\":true,\\"tradespersonId\\":1}}}"`;

exports[`Snapshots tests Find tradesperson jobs 1`] = `"{\\"data\\":{\\"findJobsInRange\\":{\\"success\\":true,\\"jobs\\":[{\\"description\\":\\"Job X\\",\\"latitude\\":101,\\"longitude\\":101},{\\"description\\":\\"Job Y\\",\\"latitude\\":50,\\"longitude\\":50}]}}}"`;
